Microchip MPLAB XC8 Compiler V2.41

Linker command line:

--edf=C:\Program Files\Microchip\xc8\v2.41\pic\dat\20230208172133_en.msgs \
  -cn -h+pic18F4580.sym --cmf=pic18F4580.cmf -z -Q18F4580 \
  -oC:\Users\shris\AppData\Local\Temp\xcAsbp8.\driver_tmp_3.obj \
  -Mpic18F4580.map \
  --md=C:\Users\shris\AppData\Local\Temp\xcAsbp8.\driver_tmp_0.dat \
  -ver=XC8 Compiler -ACODE=00h-03000h -ACONST=00h-03000h \
  -ASMALLCONST=0600h-06FFhx42,03000h-03000h -AMEDIUMCONST=0600h-03000h \
  -ACOMRAM=01h-05Fh -AABS1=00h-05FFh -ABIGRAM=01h-05FFh \
  -ARAM=060h-0FFh,0100h-01FFhx5 -ABANK0=060h-0FFh -ABANK1=0100h-01FFh \
  -ABANK2=0200h-02FFh -ABANK3=0300h-03FFh -ABANK4=0400h-04FFh \
  -ABANK5=0500h-05FFh -ASFR=0D00h-0DFFhx2,0F00h-0F5Fh,0F60h-0FFFh \
  -ABIGSFR=0D00h-0FFFh -ACONFIG=0300000h-030000Dh -AIDLOC=0200000h-0200007h \
  -AEEDATA=0F00000h-0F000FFh -peeprom_data=EEDATA \
  -preset_vec=00h,intcode=08h,intcodelo,powerup,init -pramtop=0600h \
  -psmallconst=SMALLCONST -pmediumconst=MEDIUMCONST -pconst=CONST \
  -AFARRAM=00h-00h \
  -prdata=COMRAM,nvrram=COMRAM,nvbit=COMRAM,rbss=COMRAM,rbit=COMRAM \
  -pfarbss=FARRAM,fardata=FARRAM,nvFARRAM=FARRAM \
  -pintsave_regs=BIGRAM,bigbss=BIGRAM,bigdata=BIGRAM -pbss=RAM \
  -pidata=CODE,irdata=CODE,ibigdata=CODE,ifardata=CODE -prparam=COMRAM \
  startup.obj pic18F4580.obj 

Object code version is 3.11

Machine type is 18F4580



                Name                               Link     Load   Length Selector   Space Scale
startup.obj     init                                  E        E        4        4       0
                reset_vec                             0        0        4        0       0
pic18F4580.obj  intcode                               8        8        6        4       0
                temp                                 5F       5F        1        1       1
                mediumconst                        2EE6     2EE6      11A     1773       0
                intcode_body                       1352     1352       2A        4       0
                text49                             137C     137C       28        4       0
                text48                              EAA      EAA       60        4       0
                text47                             14A0     14A0        C      A24       0
                text46                              FB0      FB0       52        4       0
                text45                             14D4     14D4        6      A24       0
                text44                             14CC     14CC        8      A24       0
                text43                             14C4     14C4        8      A24       0
                text42                             1494     1494        C      A24       0
                text41                             14BC     14BC        8      A24       0
                text40                             14B4     14B4        8      A24       0
                text39                             14AC     14AC        8      A24       0
                text38                             1488     1488        C      A24       0
                text37                             1328     1328       2A        4       0
                text36                              B6A      B6A       8C        4       0
                text35                             1448     1448       18      A24       0
                text34                              CFC      CFC       78        4       0
                text33                             115C     115C       3E        4       0
                text32                             120C     120C       36        4       0
                text31                              2E2      2E2      1E0        4       0
                text30                              F0A      F0A       54        4       0
                text29                             12FE     12FE       2A        4       0
                text28                             140E     140E       1E        4       0
                text27                               12       12      2D0        4       0
                text26                              746      746      128        4       0
                text25                             104C     104C       4A        4       0
                text24                              4C2      4C2      14C        4       0
                text23                              F5E      F5E       52        4       0
                text22                             10DC     10DC       42        4       0
                text21                             1276     1276       34        4       0
                text20                              BF6      BF6       88        4       0
                text19                              E44      E44       66        4       0
                text18                             12D4     12D4       2A        4       0
                text17                              A26      A26       AE        4       0
                text16                              86E      86E       E6        4       0
                text15                              954      954       D2        4       0
                text14                             13CA     13CA       24        4       0
                text13                             119A     119A       3C        4       0
                text12                              AD4      AD4       96        4       0
                text11                             12AA     12AA       2A        4       0
                text10                              D74      D74       6A        4       0
                text9                              13EE     13EE       20        4       0
                text8                              11D6     11D6       36        4       0
                text7                              1096     1096       46        4       0
                text6                              1460     1460       16      A24       0
                text5                              1476     1476       12      A24       0
                text4                              111E     111E       3E        4       0
                text3                              1242     1242       34        4       0
                text2                              13A4     13A4       26        4       0
                text1                               60E      60E      138        4       0
                text0                              1002     1002       4A        4       0
                cstackCOMRAM                         34       34       29        1       1
                dataBANK1                           100      100       66      100       1
                dataBANK0                            88       88       1B       60       1
                bssBANK0                             60       60       28       60       1
                dataCOMRAM                           5D       5D        2        1       1
                bssCOMRAM                             1        1       33        1       1
                cinit                               C7E      C7E       7E        4       0
                idataBANK1                          DDE      DDE       66        4       0
                idataBANK0                         142C     142C       1B        4       0
                idataCOMRAM                        14DA     14DA        2      A24       0

TOTAL           Name                               Link     Load   Length     Space
        CLASS   CODE           
                intcode                               8        8        6         0
                init                                  E        E        4         0
                reset_vec                             0        0        4         0
                intcode_body                       1352     1352       2A         0
                text49                             137C     137C       28         0
                text48                              EAA      EAA       60         0
                text47                             14A0     14A0        C         0
                text46                              FB0      FB0       52         0
                text45                             14D4     14D4        6         0
                text44                             14CC     14CC        8         0
                text43                             14C4     14C4        8         0
                text42                             1494     1494        C         0
                text41                             14BC     14BC        8         0
                text40                             14B4     14B4        8         0
                text39                             14AC     14AC        8         0
                text38                             1488     1488        C         0
                text37                             1328     1328       2A         0
                text36                              B6A      B6A       8C         0
                text35                             1448     1448       18         0
                text34                              CFC      CFC       78         0
                text33                             115C     115C       3E         0
                text32                             120C     120C       36         0
                text31                              2E2      2E2      1E0         0
                text30                              F0A      F0A       54         0
                text29                             12FE     12FE       2A         0
                text28                             140E     140E       1E         0
                text27                               12       12      2D0         0
                text26                              746      746      128         0
                text25                             104C     104C       4A         0
                text24                              4C2      4C2      14C         0
                text23                              F5E      F5E       52         0
                text22                             10DC     10DC       42         0
                text21                             1276     1276       34         0
                text20                              BF6      BF6       88         0
                text19                              E44      E44       66         0
                text18                             12D4     12D4       2A         0
                text17                              A26      A26       AE         0
                text16                              86E      86E       E6         0
                text15                              954      954       D2         0
                text14                             13CA     13CA       24         0
                text13                             119A     119A       3C         0
                text12                              AD4      AD4       96         0
                text11                             12AA     12AA       2A         0
                text10                              D74      D74       6A         0
                text9                              13EE     13EE       20         0
                text8                              11D6     11D6       36         0
                text7                              1096     1096       46         0
                text6                              1460     1460       16         0
                text5                              1476     1476       12         0
                text4                              111E     111E       3E         0
                text3                              1242     1242       34         0
                text2                              13A4     13A4       26         0
                text1                               60E      60E      138         0
                text0                              1002     1002       4A         0
                cinit                               C7E      C7E       7E         0
                idataBANK1                          DDE      DDE       66         0
                idataBANK0                         142C     142C       1B         0
                idataCOMRAM                        14DA     14DA        2         0

        CLASS   CONST          

        CLASS   SMALLCONST     

        CLASS   MEDIUMCONST    
                mediumconst                        2EE6     2EE6      11A         0

        CLASS   COMRAM         
                temp                                 5F       5F        1         1
                cstackCOMRAM                         34       34       29         1
                dataCOMRAM                           5D       5D        2         1
                bssCOMRAM                             1        1       33         1

        CLASS   ABS1           

        CLASS   BIGRAM         

        CLASS   RAM            

        CLASS   BANK0          
                dataBANK0                            88       88       1B         1
                bssBANK0                             60       60       28         1

        CLASS   BANK1          
                dataBANK1                           100      100       66         1

        CLASS   BANK2          

        CLASS   BANK3          

        CLASS   BANK4          

        CLASS   BANK5          

        CLASS   SFR            

        CLASS   BIGSFR         

        CLASS   CONFIG         

        CLASS   IDLOC          

        CLASS   EEDATA         

        CLASS   FARRAM         

        CLASS   HEAP           

        CLASS   STACK          



SEGMENTS        Name                           Load    Length   Top    Selector   Space  Class

                reset_vec                      000000  000004  000004         0       0  CODE    
                bssCOMRAM                      000001  00005F  000060         1       1  COMRAM  
                intcode                        000008  00143F  001447         4       0  CODE    
                bssBANK0                       000060  000043  0000A3        60       1  BANK0   
                dataBANK1                      000100  000066  000166       100       1  BANK1   
                text35                         001448  000094  0014DC       A24       0  CODE    
                mediumconst                    002EE6  00011A  003000      1773       0  MEDIUMCO


UNUSED ADDRESS RANGES

        Name                Unused          Largest block    Delta
        BANK0            00A3-00FF             5D
        BANK1            0166-01FF             9A
        BANK2            0200-02FF            100
        BANK3            0300-03FF            100
        BANK4            0400-04FF            100
        BANK5            0500-05FF            100
        BIGRAM           00A3-00FF             5D
                         0166-05FF            49A
        BIGSFR           0D00-0FFF            300
        CODE             0004-0007              4
                         1447-1447              1
                         14DC-2EE5           1A0A
                         3000-3000              1
        CONFIG           300000-30000D              E
        CONST            0004-0007              4
                         1447-1447              1
                         14DC-2EE5           1A0A
                         3000-3000              1
        EEDATA           F00000-F000FF            100
        IDLOC            200000-200007              8
        MEDIUMCONST      1447-1447              1
                         14DC-2EE5           1A0A
                         3000-3000              1
        RAM              00A3-00FF             5D
                         0166-05FF            100
        SFR              0D00-0FFF            100
        SMALLCONST       1447-1447              1
                         14DC-2EE5            100
                         3000-3000              1

                                  Symbol Table

?___ftdiv                      cstackCOMRAM 003F
?___ftpack                     cstackCOMRAM 0034
?___fttol                      cstackCOMRAM 004E
?___lwdiv                      cstackCOMRAM 0034
?___lwmod                      cstackCOMRAM 0034
?___lwtoft                     cstackCOMRAM 003C
?___wmul                       cstackCOMRAM 0034
?_read_adc                     cstackCOMRAM 0034
Download_log@b                 bssCOMRAM    0028
Download_log@down_array        cstackCOMRAM 003D
Download_log@i                 bssCOMRAM    0029
Download_log@j                 cstackCOMRAM 004C
Download_log@k                 cstackCOMRAM 004E
Enter_password@attempt         bssCOMRAM    002B
Enter_password@count           cstackCOMRAM 0044
Enter_password@i               cstackCOMRAM 003F
Enter_password@input           bssCOMRAM    002A
Enter_password@key             cstackCOMRAM 0043
Enter_password@wait            cstackCOMRAM 0041
_ABDEN                         (abs)        7DC0
_ABDOVF                        (abs)        7DC7
_ACKDT                         (abs)        7E2D
_ACKEN                         (abs)        7E2C
_ACKSTAT                       (abs)        7E2E
_ACQT0                         (abs)        7E03
_ACQT1                         (abs)        7E04
_ACQT2                         (abs)        7E05
_ADCON0                        (abs)        0FC2
_ADCON1                        (abs)        0FC1
_ADCS0                         (abs)        7E00
_ADCS1                         (abs)        7E01
_ADCS2                         (abs)        7E02
_ADDEN                         (abs)        7D5B
_ADFM                          (abs)        7E07
_ADON                          (abs)        7E10
_ADRESH                        (abs)        0FC4
_ADRESL                        (abs)        0FC3
_BCLIF                         (abs)        7D0B
_BRG16                         (abs)        7DC3
_BRGH                          (abs)        7D62
_CKE                           (abs)        7E3E
_CREN                          (abs)        7D5C
_CSRC                          (abs)        7D67
_Download_log                  text36       0B6A
_Enter_menu                    text25       104C
_Enter_password                text24       04C2
_Event1                        dataBANK0    0088
_FERR                          (abs)        7D5A
_GO                            (abs)        7E11
_GODONE                        (abs)        7E11
_OERR                          (abs)        7D59
_PEN                           (abs)        7E2A
_PORTB                         (abs)        0F81
_PORTBbits                     (abs)        0F81
_PORTD                         (abs)        0F83
_PR2                           (abs)        0FCB
_RBPU                          (abs)        7F8F
_RC0                           (abs)        7C10
_RC1                           (abs)        7C11
_RC2                           (abs)        7C12
_RCEN                          (abs)        7E2B
_RCIDL                         (abs)        7DC6
_RCIE                          (abs)        7CED
_RCIF                          (abs)        7CF5
_RCREG                         (abs)        0FAE
_RD7                           (abs)        7C1F
_RSEN                          (abs)        7E29
_RX9                           (abs)        7D5E
_RX9D                          (abs)        7D58
_SCKP                          (abs)        7DC4
_SEN                           (abs)        7E28
_SENDB                         (abs)        7D63
_SMP                           (abs)        7E3F
_SPBRG                         (abs)        0FAF
_SPEN                          (abs)        7D5F
_SREN                          (abs)        7D5D
_SSPADD                        (abs)        0FC8
_SSPBUF                        (abs)        0FC9
_SSPCON1                       (abs)        0FC6
_SSPIF                         (abs)        7CF3
_SYNC                          (abs)        7D64
_TMR2IF                        (abs)        7CF1
_TMR2ON                        (abs)        7E52
_TRISB                         (abs)        0F93
_TRISC                         (abs)        0F94
_TRISC3                        (abs)        7CA3
_TRISC4                        (abs)        7CA4
_TRISC6                        (abs)        7CA6
_TRISC7                        (abs)        7CA7
_TRISD                         (abs)        0F95
_TRISD7                        (abs)        7CAF
_TRMT                          (abs)        7D61
_TX9                           (abs)        7D66
_TX9D                          (abs)        7D60
_TXEN                          (abs)        7D65
_TXIE                          (abs)        7CEC
_TXIF                          (abs)        7CF4
_TXREG                         (abs)        0FAD
_VCFG0                         (abs)        7E0C
_VCFG1                         (abs)        7E0D
_WUE                           (abs)        7DC1
__HRAM                         (abs)        0000
__H__absolute__                __absolute__ 0000
__Habs1                        abs1         0000
__Hbank0                       bank0        0000
__Hbank1                       bank1        0000
__Hbank2                       bank2        0000
__Hbank3                       bank3        0000
__Hbank4                       bank4        0000
__Hbank5                       bank5        0000
__Hbigbss                      bigbss       0000
__Hbigdata                     bigdata      0000
__Hbigram                      bigram       0000
__Hbigsfr                      bigsfr       0000
__Hbss                         bss          0000
__HbssBANK0                    bssBANK0     0000
__HbssCOMRAM                   bssCOMRAM    0000
__Hcinit                       cinit        0000
__Hclrtext                     clrtext      0000
__Hcomram                      comram       0000
__Hconfig                      config       0000
__Hconst                       const        0000
__HcstackCOMRAM                cstackCOMRAM 0000
__Hdata                        data         0000
__HdataBANK0                   dataBANK0    0000
__HdataBANK1                   dataBANK1    0000
__HdataCOMRAM                  dataCOMRAM   0000
__Heeprom_data                 eeprom_data  0000
__Hfarbss                      farbss       0000
__Hfardata                     fardata      0000
__Hheap                        heap         0000
__Hibigdata                    ibigdata     0000
__Hidata                       idata        0000
__HidataBANK0                  idataBANK0   0000
__HidataBANK1                  idataBANK1   0000
__HidataCOMRAM                 idataCOMRAM  0000
__Hidloc                       idloc        0000
__Hifardata                    ifardata     0000
__Hinit                        init         0012
__Hintcode                     intcode      000E
__Hintcode_body                intcode_body 0000
__Hintcodelo                   intcodelo    000E
__Hintentry                    intentry     0000
__Hintret                      intret       0000
__Hintsave_regs                intsave_regs 0000
__Hirdata                      irdata       0000
__Hmediumconst                 mediumconst  3000
__HnvFARRAM                    nvFARRAM     0000
__Hnvbit                       nvbit        0000
__Hnvrram                      nvrram       0000
__Hparam                       rparam       0000
__Hpowerup                     powerup      000E
__Hram                         ram          0000
__Hramtop                      ramtop       0600
__Hrbit                        rbit         0000
__Hrbss                        rbss         0000
__Hrdata                       rdata        0000
__Hreset_vec                   reset_vec    0004
__Hrparam                      rparam       0000
__Hsfr                         sfr          0000
__Hsmallconst                  smallconst   0000
__Hspace_0                     (abs)        3000
__Hspace_1                     (abs)        0166
__Hspace_2                     (abs)        0000
__Hspace_4                     (abs)        0000
__Hstack                       stack        0000
__Hstruct                      struct       0000
__Htemp                        temp         0060
__Htext                        text         0000
__Htext0                       text0        0000
__Htext1                       text1        0000
__Htext10                      text10       0000
__Htext11                      text11       0000
__Htext12                      text12       0000
__Htext13                      text13       0000
__Htext14                      text14       0000
__Htext15                      text15       0000
__Htext16                      text16       0000
__Htext17                      text17       0000
__Htext18                      text18       0000
__Htext19                      text19       0000
__Htext2                       text2        0000
__Htext20                      text20       0000
__Htext21                      text21       0000
__Htext22                      text22       0000
__Htext23                      text23       0000
__Htext24                      text24       0000
__Htext25                      text25       0000
__Htext26                      text26       0000
__Htext27                      text27       0000
__Htext28                      text28       0000
__Htext29                      text29       0000
__Htext3                       text3        0000
__Htext30                      text30       0000
__Htext31                      text31       0000
__Htext32                      text32       0000
__Htext33                      text33       0000
__Htext34                      text34       0000
__Htext35                      text35       0000
__Htext36                      text36       0000
__Htext37                      text37       0000
__Htext38                      text38       0000
__Htext39                      text39       0000
__Htext4                       text4        0000
__Htext40                      text40       0000
__Htext41                      text41       0000
__Htext42                      text42       0000
__Htext43                      text43       0000
__Htext44                      text44       0000
__Htext45                      text45       0000
__Htext46                      text46       0000
__Htext47                      text47       0000
__Htext48                      text48       0000
__Htext49                      text49       0000
__Htext5                       text5        0000
__Htext6                       text6        0000
__Htext7                       text7        0000
__Htext8                       text8        0000
__Htext9                       text9        0000
__LRAM                         (abs)        0001
__L__absolute__                __absolute__ 0000
__Labs1                        abs1         0000
__Lbank0                       bank0        0000
__Lbank1                       bank1        0000
__Lbank2                       bank2        0000
__Lbank3                       bank3        0000
__Lbank4                       bank4        0000
__Lbank5                       bank5        0000
__Lbigbss                      bigbss       0000
__Lbigdata                     bigdata      0000
__Lbigram                      bigram       0000
__Lbigsfr                      bigsfr       0000
__Lbss                         bss          0000
__LbssBANK0                    bssBANK0     0000
__LbssCOMRAM                   bssCOMRAM    0000
__Lcinit                       cinit        0000
__Lclrtext                     clrtext      0000
__Lcomram                      comram       0000
__Lconfig                      config       0000
__Lconst                       const        0000
__LcstackCOMRAM                cstackCOMRAM 0000
__Ldata                        data         0000
__LdataBANK0                   dataBANK0    0000
__LdataBANK1                   dataBANK1    0000
__LdataCOMRAM                  dataCOMRAM   0000
__Leeprom_data                 eeprom_data  0000
__Lfarbss                      farbss       0000
__Lfardata                     fardata      0000
__Lheap                        heap         0000
__Libigdata                    ibigdata     0000
__Lidata                       idata        0000
__LidataBANK0                  idataBANK0   0000
__LidataBANK1                  idataBANK1   0000
__LidataCOMRAM                 idataCOMRAM  0000
__Lidloc                       idloc        0000
__Lifardata                    ifardata     0000
__Linit                        init         000E
__Lintcode                     intcode      0008
__Lintcode_body                intcode_body 0000
__Lintcodelo                   intcodelo    000E
__Lintentry                    intentry     0000
__Lintret                      intret       0000
__Lintsave_regs                intsave_regs 0000
__Lirdata                      irdata       0000
__Lmediumconst                 mediumconst  2EE6
__LnvFARRAM                    nvFARRAM     0000
__Lnvbit                       nvbit        0000
__Lnvrram                      nvrram       0000
__Lparam                       rparam       0000
__Lpowerup                     powerup      000E
__Lram                         ram          0000
__Lramtop                      ramtop       0600
__Lrbit                        rbit         0000
__Lrbss                        rbss         0000
__Lrdata                       rdata        0000
__Lreset_vec                   reset_vec    0000
__Lrparam                      rparam       0000
__Lsfr                         sfr          0000
__Lsmallconst                  smallconst   0000
__Lspace_0                     (abs)        0000
__Lspace_1                     (abs)        0000
__Lspace_2                     (abs)        0000
__Lspace_4                     (abs)        0000
__Lstack                       stack        0000
__Lstruct                      struct       0000
__Ltemp                        temp         005F
__Ltext                        text         0000
__Ltext0                       text0        0000
__Ltext1                       text1        0000
__Ltext10                      text10       0000
__Ltext11                      text11       0000
__Ltext12                      text12       0000
__Ltext13                      text13       0000
__Ltext14                      text14       0000
__Ltext15                      text15       0000
__Ltext16                      text16       0000
__Ltext17                      text17       0000
__Ltext18                      text18       0000
__Ltext19                      text19       0000
__Ltext2                       text2        0000
__Ltext20                      text20       0000
__Ltext21                      text21       0000
__Ltext22                      text22       0000
__Ltext23                      text23       0000
__Ltext24                      text24       0000
__Ltext25                      text25       0000
__Ltext26                      text26       0000
__Ltext27                      text27       0000
__Ltext28                      text28       0000
__Ltext29                      text29       0000
__Ltext3                       text3        0000
__Ltext30                      text30       0000
__Ltext31                      text31       0000
__Ltext32                      text32       0000
__Ltext33                      text33       0000
__Ltext34                      text34       0000
__Ltext35                      text35       0000
__Ltext36                      text36       0000
__Ltext37                      text37       0000
__Ltext38                      text38       0000
__Ltext39                      text39       0000
__Ltext4                       text4        0000
__Ltext40                      text40       0000
__Ltext41                      text41       0000
__Ltext42                      text42       0000
__Ltext43                      text43       0000
__Ltext44                      text44       0000
__Ltext45                      text45       0000
__Ltext46                      text46       0000
__Ltext47                      text47       0000
__Ltext48                      text48       0000
__Ltext49                      text49       0000
__Ltext5                       text5        0000
__Ltext6                       text6        0000
__Ltext7                       text7        0000
__Ltext8                       text8        0000
__Ltext9                       text9        0000
__S0                           (abs)        3000
__S1                           (abs)        0166
__S4                           (abs)        0000
__S5                           (abs)        0000
___ftdiv                       text16       086E
___ftdiv@cntr                  cstackCOMRAM 0048
___ftdiv@exp                   cstackCOMRAM 004C
___ftdiv@f1                    cstackCOMRAM 003F
___ftdiv@f2                    cstackCOMRAM 0042
___ftdiv@f3                    cstackCOMRAM 0049
___ftdiv@sign                  cstackCOMRAM 004D
___ftpack                      text17       0A26
___ftpack@arg                  cstackCOMRAM 0034
___ftpack@exp                  cstackCOMRAM 0037
___ftpack@sign                 cstackCOMRAM 0038
___fttol                       text15       0954
___fttol@exp1                  cstackCOMRAM 005C
___fttol@f1                    cstackCOMRAM 004E
___fttol@lval                  cstackCOMRAM 0058
___fttol@sign1                 cstackCOMRAM 0057
___heap_hi                     (abs)        0000
___heap_lo                     (abs)        0000
___inthi_sp                    stack        0000
___intlo_sp                    stack        0000
___lbmod                       text29       12FE
___lbmod@counter               cstackCOMRAM 0036
___lbmod@dividend              cstackCOMRAM 0035
___lbmod@divisor               cstackCOMRAM 0034
___lbmod@rem                   cstackCOMRAM 0037
___lwdiv                       text23       0F5E
___lwdiv@counter               cstackCOMRAM 003A
___lwdiv@dividend              cstackCOMRAM 0034
___lwdiv@divisor               cstackCOMRAM 0036
___lwdiv@quotient              cstackCOMRAM 0038
___lwmod                       text22       10DC
___lwmod@counter               cstackCOMRAM 0038
___lwmod@dividend              cstackCOMRAM 0034
___lwmod@divisor               cstackCOMRAM 0036
___lwtoft                      text14       13CA
___lwtoft@c                    cstackCOMRAM 003C
___param_bank                  (abs)        0000
___rparam_used                 (abs)        0001
___sp                          stack        0000
___wmul                        text2        13A4
___wmul@multiplicand           cstackCOMRAM 0036
___wmul@multiplier             cstackCOMRAM 0034
___wmul@product                cstackCOMRAM 0038
__accesstop                    (abs)        0060
__activetblptr                 (abs)        0002
__end_of_Download_log          text36       0BF6
__end_of_Enter_menu            text25       1096
__end_of_Enter_password        text24       060E
__end_of___ftdiv               text16       0954
__end_of___ftpack              text17       0AD4
__end_of___fttol               text15       0A26
__end_of___lbmod               text29       1328
__end_of___lwdiv               text23       0FB0
__end_of___lwmod               text22       111E
__end_of___lwtoft              text14       13EE
__end_of___wmul                text2        13CA
__end_of__initialization       cinit        0CEE
__end_of_change_event          text19       0EAA
__end_of_change_password       text31       04C2
__end_of_clcd_print            text48       0F0A
__end_of_clcd_putch            text35       1460
__end_of_clcd_write            text49       13A4
__end_of_clear_log             text30       0F5E
__end_of_display_event         text18       12FE
__end_of_display_time          text12       0B6A
__end_of_get_time              text10       0DDE
__end_of_i2c_idle              text44       14D4
__end_of_i2c_no_ack            text45       14DA
__end_of_i2c_read              text42       14A0
__end_of_i2c_rep_start         text41       14C4
__end_of_i2c_rx_mode           text43       14CC
__end_of_i2c_start             text40       14BC
__end_of_i2c_stop              text39       14B4
__end_of_i2c_write             text38       1494
__end_of_init_adc              text9        140E
__end_of_init_clcd             text8        120C
__end_of_init_config           text3        1276
__end_of_init_ds1307           text7        10DC
__end_of_init_i2c              text6        1476
__end_of_init_matrix_keypad    text5        1488
__end_of_init_uart             text4        115C
__end_of_isr                   intcode_body 137C
__end_of_main                  text0        104C
__end_of_putch                 text47       14AC
__end_of_puts                  text46       1002
__end_of_read_adc              text13       11D6
__end_of_read_ds1307           text11       12D4
__end_of_read_external_eeprom  text37       1352
__end_of_read_switches         text33       119A
__end_of_scan_key              text34       0D74
__end_of_set_time              text27       02E2
__end_of_store_event           text20       0C7E
__end_of_store_external_eeprom text21       12AA
__end_of_view_log              text26       086E
__end_of_view_menu             text1        0746
__end_of_write_ds1307          text28       142C
__end_of_write_external_eeprom text32       1242
__initialization               cinit        0C7E
__mediumconst                  mediumconst  2EE6
__pbssBANK0                    bssBANK0     0060
__pbssCOMRAM                   bssCOMRAM    0001
__pcinit                       cinit        0C7E
__pcstackCOMRAM                cstackCOMRAM 0034
__pdataBANK0                   dataBANK0    0088
__pdataBANK1                   dataBANK1    0100
__pdataCOMRAM                  dataCOMRAM   005D
__pidataBANK0                  idataBANK0   142C
__pidataBANK1                  idataBANK1   0DDE
__pidataCOMRAM                 idataCOMRAM  14DA
__pintcode                     intcode      0008
__pintcode_body                intcode_body 1352
__pmediumconst                 mediumconst  2EE6
__ptext0                       text0        1002
__ptext1                       text1        060E
__ptext10                      text10       0D74
__ptext11                      text11       12AA
__ptext12                      text12       0AD4
__ptext13                      text13       119A
__ptext14                      text14       13CA
__ptext15                      text15       0954
__ptext16                      text16       086E
__ptext17                      text17       0A26
__ptext18                      text18       12D4
__ptext19                      text19       0E44
__ptext2                       text2        13A4
__ptext20                      text20       0BF6
__ptext21                      text21       1276
__ptext22                      text22       10DC
__ptext23                      text23       0F5E
__ptext24                      text24       04C2
__ptext25                      text25       104C
__ptext26                      text26       0746
__ptext27                      text27       0012
__ptext28                      text28       140E
__ptext29                      text29       12FE
__ptext3                       text3        1242
__ptext30                      text30       0F0A
__ptext31                      text31       02E2
__ptext32                      text32       120C
__ptext33                      text33       115C
__ptext34                      text34       0CFC
__ptext35                      text35       1448
__ptext36                      text36       0B6A
__ptext37                      text37       1328
__ptext38                      text38       1488
__ptext39                      text39       14AC
__ptext4                       text4        111E
__ptext40                      text40       14B4
__ptext41                      text41       14BC
__ptext42                      text42       1494
__ptext43                      text43       14C4
__ptext44                      text44       14CC
__ptext45                      text45       14D4
__ptext46                      text46       0FB0
__ptext47                      text47       14A0
__ptext48                      text48       0EAA
__ptext49                      text49       137C
__ptext5                       text5        1476
__ptext6                       text6        1460
__ptext7                       text7        1096
__ptext8                       text8        11D6
__ptext9                       text9        13EE
__ramtop                       ramtop       0600
__smallconst                   smallconst   0000
_blink                         bssCOMRAM    0006
_change_event                  text19       0E44
_change_password               text31       02E2
_choose_flag                   bssCOMRAM    002F
_clcd_print                    text48       0EAA
_clcd_putch                    text35       1448
_clcd_write                    text49       137C
_clear_flag                    bssCOMRAM    0030
_clear_log                     text30       0F0A
_clock_reg                     bssCOMRAM    0001
_count                         bssCOMRAM    0032
_d                             dataCOMRAM   005E
_display_event                 text18       12D4
_display_time                  text12       0AD4
_event                         bssCOMRAM    0033
_flag                          bssCOMRAM    0031
_get_time                      text10       0D74
_i2c_idle                      text44       14CC
_i2c_no_ack                    text45       14D4
_i2c_read                      text42       1494
_i2c_rep_start                 text41       14BC
_i2c_rx_mode                   text43       14C4
_i2c_start                     text40       14B4
_i2c_stop                      text39       14AC
_i2c_write                     text38       1488
_init_adc                      text9        13EE
_init_clcd                     text8        11D6
_init_config                   text3        1242
_init_ds1307                   text7        1096
_init_i2c                      text6        1460
_init_matrix_keypad            text5        1476
_init_uart                     text4        111E
_isr                           intcode      0008
_main                          text0        1002
_password                      bssCOMRAM    0022
_putch                         text47       14A0
_puts                          text46       0FB0
_read_adc                      text13       119A
_read_ds1307                   text11       12AA
_read_external_eeprom          text37       1328
_read_switches                 text33       115C
_scan_key                      text34       0CFC
_select_flag                   bssCOMRAM    002C
_set_time                      text27       0012
_speed                         bssCOMRAM    0024
_store_data                    bssBANK0     006F
_store_event                   text20       0BF6
_store_external_eeprom         text21       1276
_time                          bssBANK0     007F
_view_log                      text26       0746
_view_menu                     text1        060E
_write_ds1307                  text28       140E
_write_external_eeprom         text32       120C
btemp                          temp         005F
change_event@key               cstackCOMRAM 003B
change_password@choice         bssCOMRAM    000E
change_password@i              bssCOMRAM    000C
change_password@i_249          cstackCOMRAM 003F
change_password@i_252          cstackCOMRAM 0041
change_password@j_250          cstackCOMRAM 0043
change_password@j_253          cstackCOMRAM 0044
change_password@key            cstackCOMRAM 0045
change_password@psswd          bssCOMRAM    0008
change_password@re_pass        bssCOMRAM    0010
clcd_print@addr                cstackCOMRAM 003C
clcd_print@data                cstackCOMRAM 003A
clcd_putch@addr                cstackCOMRAM 003B
clcd_putch@data                cstackCOMRAM 003C
clcd_write@byte                cstackCOMRAM 0035
clcd_write@control_bit         cstackCOMRAM 0034
clear_log@key                  cstackCOMRAM 003F
clear_log@val                  cstackCOMRAM 003D
end_of_initialization          cinit        0CEE
i2c_write@data                 cstackCOMRAM 0034
init_ds1307@dummy              cstackCOMRAM 0037
int$flags                      temp         005F
int_func                       intcode_body 1352
intlevel0                      text         0000
intlevel1                      text         0000
intlevel2                      text         0000
intlevel3                      text         0000
isa$std                        (abs)        0001
isa$xinst                      (abs)        0000
isr@count                      bssCOMRAM    0004
putch@byte                     cstackCOMRAM 0034
puts@s                         cstackCOMRAM 0035
read_adc@CHANNEL               cstackCOMRAM 003A
read_adc@reg_val               cstackCOMRAM 0038
read_ds1307@address            cstackCOMRAM 0035
read_ds1307@data               cstackCOMRAM 0036
read_external_eeprom@address   cstackCOMRAM 0035
read_external_eeprom@data      cstackCOMRAM 0036
read_switches@detection_type   cstackCOMRAM 0034
read_switches@key              bssCOMRAM    0026
read_switches@once             dataCOMRAM   005D
set_time@cal                   bssCOMRAM    0014
set_time@car                   bssCOMRAM    0012
set_time@change_time           cstackCOMRAM 0046
set_time@hr                    cstackCOMRAM 0042
set_time@i                     cstackCOMRAM 003E
set_time@i_237                 cstackCOMRAM 0041
set_time@j                     cstackCOMRAM 003F
set_time@key                   cstackCOMRAM 0045
set_time@min                   cstackCOMRAM 0044
set_time@sec                   cstackCOMRAM 0043
set_time@val                   bssCOMRAM    0027
stackhi                        (abs)        0000
stacklo                        (abs)        0000
start                          init         000E
start_initialization           cinit        0C7E
store_external_eeprom@i        cstackCOMRAM 0039
ttemp5                         temp         0060
ttemp6                         temp         0063
ttemp7                         temp         0067
view_log@b                     cstackCOMRAM 003D
view_log@i                     cstackCOMRAM 0040
view_log@key                   cstackCOMRAM 0041
view_log@menu                  bssCOMRAM    0016
view_log@v                     cstackCOMRAM 003F
view_log@value1                bssCOMRAM    001A
view_log@value2                bssCOMRAM    0018
view_menu@delay1               bssCOMRAM    001E
view_menu@delay2               bssCOMRAM    001C
view_menu@key                  cstackCOMRAM 003D
view_menu@menu                 bssCOMRAM    0020
view_menu@view_array           dataBANK1    0100
write_ds1307@address           cstackCOMRAM 0036
write_ds1307@data              cstackCOMRAM 0035
write_external_eeprom@address  cstackCOMRAM 0038
write_external_eeprom@data     cstackCOMRAM 0035
write_external_eeprom@i        cstackCOMRAM 0036
wtemp8                         temp         0060


MODULE INFORMATION

Module		Function		Class		Link	Load	Size
matrix_keypad.c
		_init_matrix_keypad		CODE           	1476	0000	18
		_read_switches 		CODE           	115C	0000	62
		_scan_key      		CODE           	0CFC	0000	120

matrix_keypad.c estimated size: 200

C:\Program Files\Microchip\xc8\v2.41\pic\sources\c90\common\ftdiv.c
		___ftdiv       		CODE           	086E	0000	230

C:\Program Files\Microchip\xc8\v2.41\pic\sources\c90\common\ftdiv.c estimated size: 230

uart.c
		_putch         		CODE           	14A0	0000	12
		_init_uart     		CODE           	111E	0000	62
		_puts          		CODE           	0FB0	0000	82

uart.c estimated size: 156

exter.c
		_write_external_eeprom		CODE           	120C	0000	54
		_read_external_eeprom		CODE           	1328	0000	42

exter.c estimated size: 96

C:\Program Files\Microchip\xc8\v2.41\pic\sources\c90\common\Umul16.c
		___wmul        		CODE           	13A4	0000	38

C:\Program Files\Microchip\xc8\v2.41\pic\sources\c90\common\Umul16.c estimated size: 38

C:\Program Files\Microchip\xc8\v2.41\pic\sources\c90\common\lwdiv.c
		___lwdiv       		CODE           	0F5E	0000	82

C:\Program Files\Microchip\xc8\v2.41\pic\sources\c90\common\lwdiv.c estimated size: 82

C:\Program Files\Microchip\xc8\v2.41\pic\sources\c90\common\lbmod.c
		___lbmod       		CODE           	12FE	0000	42

C:\Program Files\Microchip\xc8\v2.41\pic\sources\c90\common\lbmod.c estimated size: 42

i2c.c
		_i2c_start     		CODE           	14B4	0000	8
		_i2c_no_ack    		CODE           	14D4	0000	6
		_i2c_rep_start 		CODE           	14BC	0000	8
		_i2c_idle      		CODE           	14CC	0000	8
		_i2c_write     		CODE           	1488	0000	12
		_i2c_stop      		CODE           	14AC	0000	8
		_i2c_read      		CODE           	1494	0000	12
		_init_i2c      		CODE           	1460	0000	22
		_i2c_rx_mode   		CODE           	14C4	0000	8

i2c.c estimated size: 92

C:\Program Files\Microchip\xc8\v2.41\pic\sources\c90\common\fttol.c
		___fttol       		CODE           	0954	0000	210

C:\Program Files\Microchip\xc8\v2.41\pic\sources\c90\common\fttol.c estimated size: 210

ds1307.c
		_read_ds1307   		CODE           	12AA	0000	42
		_write_ds1307  		CODE           	140E	0000	30
		_init_ds1307   		CODE           	1096	0000	70

ds1307.c estimated size: 142

adc.c
		_init_adc      		CODE           	13EE	0000	32
		_read_adc      		CODE           	119A	0000	60

adc.c estimated size: 92

isr.c
		_isr           		CODE           	0008	0000	48

isr.c estimated size: 48

shared
		__initialization		CODE           	0C7E	0000	112

shared estimated size: 112

clcd.c
		_clcd_write    		CODE           	137C	0000	40
		_clcd_print    		CODE           	0EAA	0000	96
		_clcd_putch    		CODE           	1448	0000	24
		_init_clcd     		CODE           	11D6	0000	54

clcd.c estimated size: 214

C:\Program Files\Microchip\xc8\v2.41\pic\sources\c90\common\float.c
		___ftpack      		CODE           	0A26	0000	174

C:\Program Files\Microchip\xc8\v2.41\pic\sources\c90\common\float.c estimated size: 174

C:\Program Files\Microchip\xc8\v2.41\pic\sources\c90\common\lwmod.c
		___lwmod       		CODE           	10DC	0000	66

C:\Program Files\Microchip\xc8\v2.41\pic\sources\c90\common\lwmod.c estimated size: 66

C:\Program Files\Microchip\xc8\v2.41\pic\sources\c90\common\lwtoft.c
		___lwtoft      		CODE           	13CA	0000	36

C:\Program Files\Microchip\xc8\v2.41\pic\sources\c90\common\lwtoft.c estimated size: 36

main.c
		_view_log      		CODE           	0746	0000	296
		_Enter_menu    		CODE           	104C	0000	74
		_display_time  		CODE           	0AD4	0000	150
		_main          		CODE           	1002	0000	74
		_display_event 		CODE           	12D4	0000	42
		_Download_log  		CODE           	0B6A	0000	140
		_change_password		CODE           	02E2	0000	480
		_Enter_password		CODE           	04C2	0000	332
		_view_menu     		CODE           	060E	0000	312
		_get_time      		CODE           	0D74	0000	106
		_store_external_eeprom		CODE           	1276	0000	52
		_set_time      		CODE           	0012	0000	720
		_clear_log     		CODE           	0F0A	0000	84
		_init_config   		CODE           	1242	0000	52
		_change_event  		CODE           	0E44	0000	102
		_store_event   		CODE           	0BF6	0000	136

main.c estimated size: 3152

