

Microchip MPLAB XC8 Assembler V2.41 build 20230208172133 
                                                                                                           Tue May 30 16:20:01 2023


     1                           	processor	18F4580
     2                           	pagewidth 132
     3                           	psect	const,global,reloc=2,class=CONST,delta=1,noexec
     4                           	psect	smallconst,global,reloc=2,class=SMALLCONST,delta=1,noexec
     5                           	psect	mediumconst,global,reloc=2,class=MEDIUMCONST,delta=1,noexec
     6                           	psect	rbss,global,class=COMRAM,space=1,delta=1,noexec
     7                           	psect	bss,global,class=RAM,space=1,delta=1,noexec
     8                           	psect	rdata,global,class=COMRAM,space=1,delta=1,noexec
     9                           	psect	irdata,global,reloc=2,class=CODE,delta=1,noexec
    10                           	psect	data,global,class=RAM,space=1,delta=1,noexec
    11                           	psect	idata,global,reloc=2,class=CODE,delta=1,noexec
    12                           	psect	nvrram,global,class=COMRAM,space=1,delta=1,noexec
    13                           	psect	nvbit,global,bit,class=COMRAM,space=1,delta=1,noexec
    14                           	psect	temp,global,ovrld,class=COMRAM,space=1,delta=1,noexec
    15                           	psect	struct,global,ovrld,class=COMRAM,space=1,delta=1,noexec
    16                           	psect	rbit,global,bit,class=COMRAM,space=1,delta=1,noexec
    17                           	psect	bigbss,global,class=BIGRAM,space=1,delta=1,noexec
    18                           	psect	bigdata,global,class=BIGRAM,space=1,delta=1,noexec
    19                           	psect	ibigdata,global,reloc=2,class=CODE,delta=1,noexec
    20                           	psect	farbss,global,reloc=2,class=FARRAM,delta=1,noexec
    21                           	psect	nvFARRAM,global,reloc=2,class=FARRAM,delta=1,noexec
    22                           	psect	fardata,global,reloc=2,class=FARRAM,delta=1,noexec
    23                           	psect	ifardata,global,reloc=2,class=CODE,delta=1,noexec
    24                           	psect	reset_vec,global,reloc=2,class=CODE,delta=1
    25                           	psect	powerup,global,reloc=2,class=CODE,delta=1
    26                           	psect	init,global,reloc=2,class=CODE,delta=1
    27                           	psect	text,global,reloc=2,class=CODE,delta=1
    28                           	psect	clrtext,global,reloc=2,class=CODE,delta=1
    29                           	psect	config,global,class=CONFIG,space=4,delta=1,noexec
    30                           	psect	idloc,global,class=IDLOC,space=5,delta=1,noexec
    31                           	psect	intcode,global,reloc=2,class=CODE,delta=1
    32                           	psect	intcode_body,global,reloc=2,class=CODE,delta=1
    33                           	psect	intcodelo,global,reloc=2,class=CODE,delta=1
    34                           	psect	intret,global,reloc=2,class=CODE,delta=1
    35                           	psect	intentry,global,reloc=2,class=CODE,delta=1
    36                           	psect	intsave_regs,global,class=BIGRAM,space=1,delta=1
    37                           	psect	eeprom_data,global,class=EEDATA,delta=1,noexec
    38                           	psect	ramtop,global,class=RAM,delta=1,noexec
    39                           	psect	stack,global,class=STACK,space=2,delta=1,noexec
    40                           	psect	heap,global,class=HEAP,space=7,delta=1,noexec
    41                           	psect	comram,global,class=COMRAM,space=1,delta=1
    42                           	psect	abs1,global,class=ABS1,space=1,delta=1
    43                           	psect	bigram,global,class=BIGRAM,space=1,delta=1
    44                           	psect	ram,global,class=RAM,space=1,delta=1
    45                           	psect	bank0,global,class=BANK0,space=1,delta=1
    46                           	psect	bank1,global,class=BANK1,space=1,delta=1
    47                           	psect	bank2,global,class=BANK2,space=1,delta=1
    48                           	psect	bank3,global,class=BANK3,space=1,delta=1
    49                           	psect	bank4,global,class=BANK4,space=1,delta=1
    50                           	psect	bank5,global,class=BANK5,space=1,delta=1
    51                           	psect	sfr,global,class=SFR,space=1,delta=1
    52                           	psect	bigsfr,global,class=BIGSFR,space=1,delta=1
    53                           
    54                           ; Microchip MPLAB XC8 C Compiler V2.41
    55                           ; Copyright (C) 2023 Microchip Technology Inc.
    56                           ; Auto-generated runtime startup code for final link stage.
    57                           ;
    58                           ; Compiler options:
    59                           ;
    60                           ; -I/opt/microchip/xc8/v1.36/include/ --ROM=0-3000 -Q --opt=all \
    61                           ; --asmlist --summary=psect,mem -Mpic18F4580.map -DCOMPILER= -intel \
    62                           ; adc.p1 i2c.p1 ds1307.p1 main.p1 isr.p1 matrix_keypad.p1 uart.p1 \
    63                           ; clcd.p1 exter.p1 timer0.p1 -opic18F4580.hex
    64                           ;
    65   000000                     
    66                           ; Generated 09/02/2023 GMT
    67                           ; 
    68                           ; Copyright © 2023, Microchip Technology Inc. and its subsidiaries ("Microchip")
    69                           ; All rights reserved.
    70                           ; 
    71                           ; This software is developed by Microchip Technology Inc. and its subsidiaries ("Microchip").
    72                           ; 
    73                           ; Redistribution and use in source and binary forms, with or without modification, are
    74                           ; permitted provided that the following conditions are met:
    75                           ; 
    76                           ;     1. Redistributions of source code must retain the above copyright notice, this list of
    77                           ;        conditions and the following disclaimer.
    78                           ; 
    79                           ;     2. Redistributions in binary form must reproduce the above copyright notice, this list
    80                           ;        of conditions and the following disclaimer in the documentation and/or other
    81                           ;        materials provided with the distribution. Publication is not required when
    82                           ;        this file is used in an embedded application.
    83                           ; 
    84                           ;     3. Microchip's name may not be used to endorse or promote products derived from this
    85                           ;        software without specific prior written permission.
    86                           ; 
    87                           ; THIS SOFTWARE IS PROVIDED BY MICROCHIP "AS IS" AND ANY EXPRESS OR IMPLIED WARRANTIES,
    88                           ; INCLUDING, BUT NOT LIMITED TO, THE IMPLIED WARRANTIES OF MERCHANTABILITY AND FITNESS FOR
    89                           ; PURPOSE ARE DISCLAIMED.  IN NO EVENT SHALL MICROCHIP BE LIABLE FOR ANY DIRECT, INDIRECT,
    90                           ; INCIDENTAL, SPECIAL, EXEMPLARY, OR CONSEQUENTIAL DAMAGES (INCLUDING BUT NOT LIMITED TO
    91                           ; PROCUREMENT OF SUBSTITUTE GOODS OR SERVICES; LOSS OF USE, DATA OR PROFITS; OR BUSINESS
    92                           ; INTERRUPTION) HOWSOEVER CAUSED AND ON ANY THEORY OF LIABILITY, WHETHER IN CONTRACT, STRICT
    93                           ; LIABILITY, OR TORT (INCLUDING NEGLIGENCE OR OTHERWISE) ARISING IN ANY WAY OUT OF THE USE OF
    94                           ; THIS SOFTWARE, EVEN IF ADVISED OF THE POSSIBILITY OF SUCH DAMAGE.
    95                           ; 
    96                           ; 
    97                           ; Code-generator required, PIC18F4580 Definitions
    98                           ; 
    99                           ; SFR Addresses
   100   000000                     
   101                           	psect	smallconst
   102   000000                     __smallconst:
   103                           	callstack 0
   104                           
   105                           	psect	mediumconst
   106   002EE6                     __mediumconst:
   107                           	callstack 0	; top of RAM usage
   108                           
   109                           	psect	reset_vec
   110   000000                     
   111                           ; No powerup routine
   112                           ; jump to start
   113   000000  EF07  F000         	goto	start
   114   000000                     
   115                           ;Initialize the stack pointer (FSR1)
   116   000000                     
   117                           	psect	init
   118   00000E                     start:
   119                           	callstack 0
   120   00000E  EF3F  F006         	goto	start_initialization	;jump to C runtime clear & initialization
   121                           
   122                           	psect	text
   123   000000                     intlevel0:
   124                           	callstack 0
   125   000000                     intlevel1:
   126                           	callstack 0
   127   000000                     intlevel2:
   128                           	callstack 0
   129   000000                     intlevel3:
   130                           	callstack 0
   131                           
   132                           	psect	ramtop
   133   000600                     __ramtop:
   134                           	callstack 0
   135                           
   136                           	psect	stack
   137   000000                     ___sp:
   138                           	callstack 0
   139   000000                     ___inthi_sp:
   140                           	callstack 0
   141   000000                     ___intlo_sp:
   142                           	callstack 0
   143                           
   144                           ; No heap to be allocated
   145                           
   146                           	psect	heap
   147   000000                     tosu	equ	0xFFF
   148                           tosh	equ	0xFFE
   149                           tosl	equ	0xFFD
   150                           stkptr	equ	0xFFC
   151                           pclatu	equ	0xFFB
   152                           pclath	equ	0xFFA
   153                           pcl	equ	0xFF9
   154                           tblptru	equ	0xFF8
   155                           tblptrh	equ	0xFF7
   156                           tblptrl	equ	0xFF6
   157                           tablat	equ	0xFF5
   158                           prodh	equ	0xFF4
   159                           prodl	equ	0xFF3
   160                           indf0	equ	0xFEF
   161                           postinc0	equ	0xFEE
   162                           postdec0	equ	0xFED
   163                           preinc0	equ	0xFEC
   164                           plusw0	equ	0xFEB
   165                           fsr0h	equ	0xFEA
   166                           fsr0l	equ	0xFE9
   167                           wreg	equ	0xFE8
   168                           indf1	equ	0xFE7
   169                           postinc1	equ	0xFE6
   170                           postdec1	equ	0xFE5
   171                           preinc1	equ	0xFE4
   172                           plusw1	equ	0xFE3
   173                           fsr1h	equ	0xFE2
   174                           fsr1l	equ	0xFE1
   175                           bsr	equ	0xFE0
   176                           indf2	equ	0xFDF
   177                           postinc2	equ	0xFDE
   178                           postdec2	equ	0xFDD
   179                           preinc2	equ	0xFDC
   180                           plusw2	equ	0xFDB
   181                           fsr2h	equ	0xFDA
   182                           fsr2l	equ	0xFD9
   183                           status	equ	0xFD8


Microchip Technology PIC18 Macro Assembler V2.41 build 20230208172133 
Symbol Table                                                                                               Tue May 30 16:20:01 2023

                __S1 0166                 ___sp 0000                 _main 1002                 start 000E  
              __HRAM 0000                __LRAM 0001               isa$std 0001         __mediumconst 2EE6  
             stackhi 0000               stacklo 0000           __accesstop 0060           ___inthi_sp 0000  
         ___intlo_sp 0000              __ramtop 0600  start_initialization 0C7E            ___heap_hi 0000  
          ___heap_lo 0000          __smallconst 0000             isa$xinst 0000             intlevel0 0000  
           intlevel1 0000             intlevel2 0000             intlevel3 0000             reset_vec 0000  
